org\mpxj\junit\resource\ResourceFlagsTest.class
org\mpxj\junit\task\TaskTextTest.class
org\mpxj\junit\ListProjectsTest.class
org\mpxj\junit\TimephasedFixedCostTest.class
org\mpxj\junit\project\DataLinksTest.class
org\mpxj\junit\MppPasswordTest.class
org\mpxj\junit\MppTaskTest.class
org\mpxj\junit\MppGanttTest.class
org\mpxj\junit\MppGroupTest.class
org\mpxj\junit\MppResourceTest.class
org\mpxj\junit\ProjectCalendarTest.class
org\mpxj\junit\calendar\MultiDayExceptionsTest.class
org\mpxj\junit\DateUtilityTest.class
org\mpxj\junit\MppCalendarTest.class
org\mpxj\junit\MppAutoFilterTest.class
org\mpxj\junit\MppColumnsTest.class
org\mpxj\junit\TimephasedTestHelper.class
org\mpxj\junit\task\TaskNumbersTest.class
org\mpxj\junit\task\TaskLinksTest.class
org\mpxj\junit\legacy\BasicTest.class
org\mpxj\junit\PlannerCalendarTest.class
org\mpxj\junit\AvailabilityTableTest.class
org\mpxj\junit\CalendarExceptionPrecedenceTest.class
org\mpxj\junit\assignment\EffectiveRateTest.class
org\mpxj\junit\MppEnterpriseTest.class
org\mpxj\junit\SlackTest.class
org\mpxj\junit\PlannerResourceTest.class
org\mpxj\junit\task\TaskCostsTest.class
org\mpxj\junit\TimephasedWorkCostSegmentTest.class
org\mpxj\junit\task\TaskPercentCompleteTest.class
org\mpxj\junit\LocaleTest.class
org\mpxj\junit\MppRecurringTest.class
org\mpxj\junit\TimephasedSplitWorkTest.class
org\mpxj\junit\CombinedCalendarTest.class
org\mpxj\junit\resource\ResourceTypeTest.class
org\mpxj\junit\project\DefaultDurationFormatTest.class
org\mpxj\junit\assignment\AssignmentAssignmentsTest.class
org\mpxj\junit\RecurringDataTest.class
org\mpxj\junit\TimephasedCostRollupTest.class
org\mpxj\junit\MpxjTestData.class
org\mpxj\junit\TimephasedBudgetTest.class
org\mpxj\junit\assignment\AssignmentFlagsTest.class
org\mpxj\junit\project\ProjectPropertiesTest.class
org\mpxj\junit\SemVerTest.class
org\mpxj\junit\MppBarStyleTest.class
org\mpxj\junit\task\TaskOutlineCodesTest.class
org\mpxj\junit\CustomerDataTest.class
org\mpxj\junit\ProjectCalendarExceptionTest.class
org\mpxj\junit\XmlRelationshipLagCalendarTest.class
org\mpxj\junit\TimescaleUtilityTest.class
org\mpxj\junit\MppAssignmentTest.class
org\mpxj\junit\RateHelperTest.class
org\mpxj\junit\resource\ResourceMiscTest.class
org\mpxj\junit\task\TaskFlagsTest.class
org\mpxj\junit\AvailabilityTest.class
org\mpxj\junit\assignment\AssignmentTextTest.class
org\mpxj\junit\MppTaskFlagsTest.class
org\mpxj\junit\MppResourceFlagsTest.class
org\mpxj\junit\MppNullTaskTest.class
org\mpxj\junit\MppViewStateTest.class
org\mpxj\junit\FileUtility.class
org\mpxj\junit\task\TaskBaselinesTest.class
org\mpxj\junit\project\ProjectPropertiesOnlyTest.class
org\mpxj\junit\assignment\DeletedAssignmentTest.class
org\mpxj\junit\FieldReporter.class
org\mpxj\junit\DurationTest.class
org\mpxj\junit\task\TaskTextValuesTest.class
org\mpxj\junit\MppFilterTest.class
org\mpxj\junit\MppSubprojectTest.class
org\mpxj\junit\task\TaskDeletionTest.class
org\mpxj\mspdi\XsdDurationTest.class
org\mpxj\junit\MppBaselineTest.class
org\mpxj\junit\TimephasedWorkResourceTest.class
org\mpxj\junit\resource\ResourceTextTest.class
org\mpxj\junit\MppXmlCompare.class
org\mpxj\junit\LocalDateTimeHelperTest.class
org\mpxj\junit\project\TaskContainerTest.class
org\mpxj\junit\XerRelationshipLagCalendarTest.class
org\mpxj\junit\MppGraphIndTest.class
org\mpxj\junit\MppFilterLogicTest.class
org\mpxj\junit\calendar\CalendarCalendarsTest.class
org\mpxj\junit\MppViewTest.class
org\mpxj\junit\calendar\InvalidCalendarTest.class
org\mpxj\junit\MppEmbeddedTest.class
org\mpxj\junit\ResourceHierarchyTest.class
org\mpxj\junit\task\TaskDatesTest.class
org\mpxj\junit\TimephasedWorkSegmentManualTest.class
org\mpxj\junit\resource\ResourceNumbersTest.class
org\mpxj\junit\MpxjAssert.class
org\mpxj\junit\IkvmTestRunner.class
org\mpxj\junit\task\TaskFinishesTest.class
org\mpxj\junit\task\TaskStartsTest.class
org\mpxj\junit\project\ProjectValueListsTest.class
org\mpxj\junit\TimephasedMaterialResourceTest.class
org\mpxj\junit\TimephasedCostResourceTest.class
org\mpxj\junit\ProjectUtility.class
org\mpxj\junit\IkvmTestRunner$1.class
org\mpxj\junit\primavera\PrimaveraDatabaseReaderTest.class
org\mpxj\junit\LocaleDataTest.class
org\mpxj\junit\TimephasedWorkSegmentManualOffsetTest.class
org\mpxj\junit\task\TaskDurationsTest.class
org\mpxj\junit\CostRateTableTest.class
org\mpxj\junit\resource\MppResourceTypeTest.class
org\mpxj\junit\TimephasedWorkSegmentTest.class
org\mpxj\junit\calendar\RecurringExceptionsTest.class
org\mpxj\junit\MppProjectPropertiesTest.class
org\mpxj\junit\TimephasedCostPerUseTest.class
org\mpxj\junit\TimephasedRawTest.class
