C:\Java\mpxj\src\test\java\org\mpxj\junit\project\ProjectPropertiesTest.java
C:\Java\mpxj\src\test\java\org\mpxj\junit\XmlRelationshipLagCalendarTest.java
C:\Java\mpxj\src\test\java\org\mpxj\junit\MppXmlCompare.java
C:\Java\mpxj\src\test\java\org\mpxj\junit\XerRelationshipLagCalendarTest.java
C:\Java\mpxj\src\test\java\org\mpxj\junit\task\TaskDatesTest.java
C:\Java\mpxj\src\test\java\org\mpxj\junit\task\TaskLinksTest.java
C:\Java\mpxj\src\test\java\org\mpxj\junit\task\TaskStartsTest.java
C:\Java\mpxj\src\test\java\org\mpxj\junit\assignment\AssignmentTextTest.java
C:\Java\mpxj\src\test\java\org\mpxj\junit\MppEmbeddedTest.java
C:\Java\mpxj\src\test\java\org\mpxj\junit\legacy\BasicTest.java
C:\Java\mpxj\src\test\java\org\mpxj\junit\project\DefaultDurationFormatTest.java
C:\Java\mpxj\src\test\java\org\mpxj\junit\MppSubprojectTest.java
C:\Java\mpxj\src\test\java\org\mpxj\junit\task\TaskTextValuesTest.java
C:\Java\mpxj\src\test\java\org\mpxj\junit\MppViewTest.java
C:\Java\mpxj\src\test\java\org\mpxj\junit\TimephasedWorkSegmentManualTest.java
C:\Java\mpxj\src\test\java\org\mpxj\junit\MppResourceFlagsTest.java
C:\Java\mpxj\src\test\java\org\mpxj\junit\TimephasedBudgetTest.java
C:\Java\mpxj\src\test\java\org\mpxj\junit\MppBaselineTest.java
C:\Java\mpxj\src\test\java\org\mpxj\junit\project\DataLinksTest.java
C:\Java\mpxj\src\test\java\org\mpxj\mspdi\XsdDurationTest.java
C:\Java\mpxj\src\test\java\org\mpxj\junit\MppRecurringTest.java
C:\Java\mpxj\src\test\java\org\mpxj\junit\task\TaskDurationsTest.java
C:\Java\mpxj\src\test\java\org\mpxj\junit\resource\ResourceFlagsTest.java
C:\Java\mpxj\src\test\java\org\mpxj\junit\assignment\EffectiveRateTest.java
C:\Java\mpxj\src\test\java\org\mpxj\junit\TimephasedWorkResourceTest.java
C:\Java\mpxj\src\test\java\org\mpxj\junit\TimescaleUtilityTest.java
C:\Java\mpxj\src\test\java\org\mpxj\junit\MppBarStyleTest.java
C:\Java\mpxj\src\test\java\org\mpxj\junit\MppTaskFlagsTest.java
C:\Java\mpxj\src\test\java\org\mpxj\junit\assignment\DeletedAssignmentTest.java
C:\Java\mpxj\src\test\java\org\mpxj\junit\MppGanttTest.java
C:\Java\mpxj\src\test\java\org\mpxj\junit\ProjectCalendarExceptionTest.java
C:\Java\mpxj\src\test\java\org\mpxj\junit\calendar\InvalidCalendarTest.java
C:\Java\mpxj\src\test\java\org\mpxj\junit\primavera\PrimaveraDatabaseReaderTest.java
C:\Java\mpxj\src\test\java\org\mpxj\junit\TimephasedCostResourceTest.java
C:\Java\mpxj\src\test\java\org\mpxj\junit\task\TaskOutlineCodesTest.java
C:\Java\mpxj\src\test\java\org\mpxj\junit\PlannerCalendarTest.java
C:\Java\mpxj\src\test\java\org\mpxj\junit\project\ProjectPropertiesOnlyTest.java
C:\Java\mpxj\src\test\java\org\mpxj\junit\ListProjectsTest.java
C:\Java\mpxj\src\test\java\org\mpxj\junit\calendar\RecurringExceptionsTest.java
C:\Java\mpxj\src\test\java\org\mpxj\junit\MppTaskTest.java
C:\Java\mpxj\src\test\java\org\mpxj\junit\TimephasedWorkSegmentTest.java
C:\Java\mpxj\src\test\java\org\mpxj\junit\MpxjTestData.java
C:\Java\mpxj\src\test\java\org\mpxj\junit\LocaleTest.java
C:\Java\mpxj\src\test\java\org\mpxj\junit\resource\ResourceNumbersTest.java
C:\Java\mpxj\src\test\java\org\mpxj\junit\IkvmTestRunner.java
C:\Java\mpxj\src\test\java\org\mpxj\junit\MppResourceTest.java
C:\Java\mpxj\src\test\java\org\mpxj\junit\task\TaskFinishesTest.java
C:\Java\mpxj\src\test\java\org\mpxj\junit\MppAutoFilterTest.java
C:\Java\mpxj\src\test\java\org\mpxj\junit\MppPasswordTest.java
C:\Java\mpxj\src\test\java\org\mpxj\junit\TimephasedSplitWorkTest.java
C:\Java\mpxj\src\test\java\org\mpxj\junit\TimephasedRawTest.java
C:\Java\mpxj\src\test\java\org\mpxj\junit\task\TaskFlagsTest.java
C:\Java\mpxj\src\test\java\org\mpxj\junit\ProjectCalendarTest.java
C:\Java\mpxj\src\test\java\org\mpxj\junit\TimephasedTestHelper.java
C:\Java\mpxj\src\test\java\org\mpxj\junit\MppNullTaskTest.java
C:\Java\mpxj\src\test\java\org\mpxj\junit\SemVerTest.java
C:\Java\mpxj\src\test\java\org\mpxj\junit\MppGraphIndTest.java
C:\Java\mpxj\src\test\java\org\mpxj\junit\DurationTest.java
C:\Java\mpxj\src\test\java\org\mpxj\junit\task\TaskPercentCompleteTest.java
C:\Java\mpxj\src\test\java\org\mpxj\junit\task\TaskTextTest.java
C:\Java\mpxj\src\test\java\org\mpxj\junit\CombinedCalendarTest.java
C:\Java\mpxj\src\test\java\org\mpxj\junit\TimephasedCostRollupTest.java
C:\Java\mpxj\src\test\java\org\mpxj\junit\TimephasedWorkCostSegmentTest.java
C:\Java\mpxj\src\test\java\org\mpxj\junit\SlackTest.java
C:\Java\mpxj\src\test\java\org\mpxj\junit\ResourceHierarchyTest.java
C:\Java\mpxj\src\test\java\org\mpxj\junit\ProjectUtility.java
C:\Java\mpxj\src\test\java\org\mpxj\junit\resource\ResourceMiscTest.java
C:\Java\mpxj\src\test\java\org\mpxj\junit\assignment\AssignmentAssignmentsTest.java
C:\Java\mpxj\src\test\java\org\mpxj\junit\DateUtilityTest.java
C:\Java\mpxj\src\test\java\org\mpxj\junit\task\TaskNumbersTest.java
C:\Java\mpxj\src\test\java\org\mpxj\junit\assignment\AssignmentFlagsTest.java
C:\Java\mpxj\src\test\java\org\mpxj\junit\MppAssignmentTest.java
C:\Java\mpxj\src\test\java\org\mpxj\junit\TimephasedCostPerUseTest.java
C:\Java\mpxj\src\test\java\org\mpxj\junit\MppFilterLogicTest.java
C:\Java\mpxj\src\test\java\org\mpxj\junit\TimephasedFixedCostTest.java
C:\Java\mpxj\src\test\java\org\mpxj\junit\task\TaskCostsTest.java
C:\Java\mpxj\src\test\java\org\mpxj\junit\task\TaskDeletionTest.java
C:\Java\mpxj\src\test\java\org\mpxj\junit\CostRateTableTest.java
C:\Java\mpxj\src\test\java\org\mpxj\junit\task\TaskBaselinesTest.java
C:\Java\mpxj\src\test\java\org\mpxj\junit\TimephasedMaterialResourceTest.java
C:\Java\mpxj\src\test\java\org\mpxj\junit\MppViewStateTest.java
C:\Java\mpxj\src\test\java\org\mpxj\junit\CalendarExceptionPrecedenceTest.java
C:\Java\mpxj\src\test\java\org\mpxj\junit\TimephasedWorkSegmentManualOffsetTest.java
C:\Java\mpxj\src\test\java\org\mpxj\junit\LocalDateTimeHelperTest.java
C:\Java\mpxj\src\test\java\org\mpxj\junit\MppCalendarTest.java
C:\Java\mpxj\src\test\java\org\mpxj\junit\MppProjectPropertiesTest.java
C:\Java\mpxj\src\test\java\org\mpxj\junit\resource\ResourceTextTest.java
C:\Java\mpxj\src\test\java\org\mpxj\junit\FileUtility.java
C:\Java\mpxj\src\test\java\org\mpxj\junit\resource\MppResourceTypeTest.java
C:\Java\mpxj\src\test\java\org\mpxj\junit\RateHelperTest.java
C:\Java\mpxj\src\test\java\org\mpxj\junit\calendar\CalendarCalendarsTest.java
C:\Java\mpxj\src\test\java\org\mpxj\junit\CustomerDataTest.java
C:\Java\mpxj\src\test\java\org\mpxj\junit\PlannerResourceTest.java
C:\Java\mpxj\src\test\java\org\mpxj\junit\FieldReporter.java
C:\Java\mpxj\src\test\java\org\mpxj\junit\RecurringDataTest.java
C:\Java\mpxj\src\test\java\org\mpxj\junit\MpxjAssert.java
C:\Java\mpxj\src\test\java\org\mpxj\junit\project\TaskContainerTest.java
C:\Java\mpxj\src\test\java\org\mpxj\junit\MppFilterTest.java
C:\Java\mpxj\src\test\java\org\mpxj\junit\AvailabilityTableTest.java
C:\Java\mpxj\src\test\java\org\mpxj\junit\resource\ResourceTypeTest.java
C:\Java\mpxj\src\test\java\org\mpxj\junit\AvailabilityTest.java
C:\Java\mpxj\src\test\java\org\mpxj\junit\calendar\MultiDayExceptionsTest.java
C:\Java\mpxj\src\test\java\org\mpxj\junit\project\ProjectValueListsTest.java
C:\Java\mpxj\src\test\java\org\mpxj\junit\LocaleDataTest.java
C:\Java\mpxj\src\test\java\org\mpxj\junit\MppEnterpriseTest.java
C:\Java\mpxj\src\test\java\org\mpxj\junit\MppGroupTest.java
C:\Java\mpxj\src\test\java\org\mpxj\junit\MppColumnsTest.java
